[revo-swift.com/index.html]
[backblue.gif]
[fade.gif]
[index.html]
[revo-swift.com/public/hm/assets/images/favicons/favicon.png]
[revo-swift.com/public/hm/assets/images/favicons/site.webmanifest]
[revo-swift.com/public/hm/asset/css2eeaf]
[revo-swift.com/public/hm/assets/vendors/animate/animate.min.css]
[revo-swift.com/public/hm/assets/vendors/animate/custom-animate.css]
[revo-swift.com/public/hm/assets/vendors/bootstrap/css/bootstrap.min.css]
[revo-swift.com/public/hm/assets/vendors/bxslider/jquery.bxslider.css]
[revo-swift.com/public/hm/assets/vendors/fontawesome/css/all.min.css]
[revo-swift.com/public/hm/assets/vendors/jquery-magnific-popup/jquery.magnific-popup.css]
[revo-swift.com/public/hm/assets/vendors/jquery-ui/jquery-ui.css]
[revo-swift.com/public/hm/assets/vendors/nice-select/nice-select.css]
[revo-swift.com/public/hm/assets/vendors/odometer/odometer.min.css]
[revo-swift.com/public/hm/assets/vendors/owl-carousel/owl.carousel.min.css]
[revo-swift.com/public/hm/assets/vendors/owl-carousel/owl.theme.default.min.css]
[revo-swift.com/public/hm/assets/vendors/swiper/swiper.min.css]
[revo-swift.com/public/hm/assets/vendors/vegas/vegas.min.css]
[revo-swift.com/public/hm/assets/vendors/thm-icons/style.css]
[revo-swift.com/public/hm/assets/vendors/language-switcher/polyglot-language-switcher.css]
[revo-swift.com/public/hm/assets/vendors/fancybox/fancybox.min.css]
[revo-swift.com/public/hm/assets/vendors/aos/aos.css]
[revo-swift.com/public/hm/assets/vendors/jarallax/jarallax.css]
[revo-swift.com/public/hm/assets/vendors/slick/slick.css]
[revo-swift.com/public/hm/assets/css/module-css/01-header-section.css]
[revo-swift.com/public/hm/assets/css/module-css/02-banner-section.css]
[revo-swift.com/public/hm/assets/css/module-css/03-about-section.css]
[revo-swift.com/public/hm/assets/css/module-css/04-fact-counter-section.css]
[revo-swift.com/public/hm/assets/css/module-css/05-testimonial-section.css]
[revo-swift.com/public/hm/assets/css/module-css/06-partner-section.css]
[revo-swift.com/public/hm/assets/css/module-css/07-footer-section.css]
[revo-swift.com/public/hm/assets/css/module-css/08-blog-section.css]
[revo-swift.com/public/hm/assets/css/module-css/09-breadcrumb-section.css]
[revo-swift.com/public/hm/assets/css/module-css/10-contact.css]
[revo-swift.com/public/hm/assets/css/style.css]
[revo-swift.com/public/hm/assets/css/responsive.css]
[revo-swift.com/contact.html]
[revo-swift.com/public/hm/assets/images/resources/logo-1.png]
[revo-swift.com/about.html]
[revo-swift.com/business-savings-account.html]
[revo-swift.com/ultimate-checking.html]
[revo-swift.com/health-savings-account.html]
[revo-swift.com/retirement-account.html]
[revo-swift.com/overdraft-protection.html]
[revo-swift.com/business-essential-checking.html]
[revo-swift.com/student-loan.html]
[revo-swift.com/business-loan.html]
[revo-swift.com/real-estate-loan.html]
[revo-swift.com/property-investment-loan.html]
[revo-swift.com/agricultural-loan.html]
[revo-swift.com/auth/login.html]
[revo-swift.com/auth/register.html]
[revo-swift.com/public/hm/assets/images/slides/slide-v2-2.jpg]
[revo-swift.com/public/hm/assets/images/slides/slider-bg1.jpg]
[revo-swift.com/public/hm/assets/images/slides/slide-v1-3.jpg]
[s3.tradingview.com/external-embedding/embed-widget-ticker-tape.js]
[revo-swift.com/public/hm/assets/images/shapes/round-dotted-shape-1.png]
[revo-swift.com/public/hm/assets/images/backgrounds/about-style1.jpg]
[revo-swift.com/public/hm/assets/images/about/about-style1-1.jpg]
[revo-swift.com/public/hm/assets/images/about/about-style1-2.jpg]
[revo-swift.com/public/hm/assets/images/resources/features-style1-1.jpg]
[revo-swift.com/public/hm/assets/images/resources/features-style1-2.jpg]
[revo-swift.com/public/hm/assets/images/backgrounds/finances-style1-bg.jpg]
[revo-swift.com/public/hm/assets/images/resources/finances-1.jpg]
[revo-swift.com/public/hm/assets/images/resources/finances-2.jpg]
[revo-swift.com/public/hm/assets/images/resources/finances-3.jpg]
[revo-swift.com/public/hm/assets/images/brand/brand-1-1.png]
[revo-swift.com/public/hm/assets/images/brand/brand-1-2.png]
[revo-swift.com/public/hm/assets/images/brand/brand-1-3.png]
[revo-swift.com/public/hm/assets/images/brand/brand-1-4.png]
[revo-swift.com/public/hm/assets/images/brand/brand-1-5.png]
[revo-swift.com/public/hm/assets/images/resources/features-style3-img-1.jpg]
[revo-swift.com/public/hm/assets/images/resources/card.png]
[revo-swift.com/public/hm/assets/images/backgrounds/features-style2-bg.jpg]
[revo-swift.com/public/hm/assets/images/resources/features-2-1.jpg]
[revo-swift.com/public/hm/assets/images/resources/features-2-2.jpg]
[revo-swift.com/public/hm/assets/images/resources/features-2-3.jpg]
[revo-swift.com/public/hm/assets/images/backgrounds/slogan-style1-bg.jpg]
[revo-swift.com/about-2.html]
[revo-swift.com/public/hm/assets/images/shapes/footer-area-bg.png]
[revo-swift.com/online-banking.html]
[revo-swift.com/lost-card.html]
[revo-swift.com/wire-transfer.html]
[revo-swift.com/public/hm/assets/images/resources/mobile-nav-logo.png]
[revo-swift.com/public/hm/whatsapp.png]
[revo-swift.com/cdn-cgi/scripts/5c5dd728/cloudflare-static/email-decode.min.js]
[revo-swift.com/public/hm/assets/vendors/jquery/jquery-3.6.0.min.js]
[revo-swift.com/public/hm/assets/vendors/bootstrap/js/bootstrap.bundle.min.js]
[revo-swift.com/public/hm/assets/vendors/bxslider/jquery.bxslider.min.js]
[revo-swift.com/public/hm/assets/vendors/circleType/jquery.circleType.js]
[revo-swift.com/public/hm/assets/vendors/circleType/jquery.lettering.min.js]
[revo-swift.com/public/hm/assets/vendors/isotope/isotope.js]
[revo-swift.com/public/hm/assets/vendors/jquery-ajaxchimp/jquery.ajaxchimp.min.js]
[revo-swift.com/public/hm/assets/vendors/jquery-appear/jquery.appear.min.js]
[revo-swift.com/public/hm/assets/vendors/jquery-magnific-popup/jquery.magnific-popup.min.js]
[revo-swift.com/public/hm/assets/vendors/jquery-migrate/jquery-migrate.min.js]
[revo-swift.com/public/hm/assets/vendors/jquery-ui/jquery-ui.js]
[revo-swift.com/public/hm/assets/vendors/jquery-validate/jquery.validate.min.js]
[revo-swift.com/public/hm/assets/vendors/nice-select/jquery.nice-select.min.js]
[revo-swift.com/public/hm/assets/vendors/odometer/odometer.min.js]
[revo-swift.com/public/hm/assets/vendors/owl-carousel/owl.carousel.min.js]
[revo-swift.com/public/hm/assets/vendors/swiper/swiper.min.js]
[revo-swift.com/public/hm/assets/vendors/vegas/vegas.min.js]
[revo-swift.com/public/hm/assets/vendors/wnumb/wNumb.min.js]
[revo-swift.com/public/hm/assets/vendors/wow/wow.js]
[revo-swift.com/public/hm/assets/vendors/extra-scripts/jquery.paroller.min.js]
[revo-swift.com/public/hm/assets/vendors/language-switcher/jquery.polyglot.language.switcher.js]
[revo-swift.com/public/hm/assets/vendors/extra-scripts/jquery-sidebar-content.js]
[revo-swift.com/public/hm/assets/vendors/fancybox/jquery.fancybox.js]
[revo-swift.com/public/hm/assets/vendors/aos/aos.js]
[revo-swift.com/public/hm/assets/vendors/extra-scripts/TweenMax.min.js]
[revo-swift.com/public/hm/assets/vendors/jarallax/jarallax.min.js]
[revo-swift.com/public/hm/assets/vendors/extra-scripts/tilt.jquery.js]
[revo-swift.com/public/hm/assets/vendors/slick/slick.js]
[revo-swift.com/index.html]
[revo-swift.com/public/hm/asset/css2eeaf.html]
[revo-swift.com/public/hm/assets/vendors/animate/animate.min.css]
[revo-swift.com/public/hm/assets/vendors/animate/custom-animate.css]
[revo-swift.com/public/hm/assets/vendors/bootstrap/css/bootstrap.min.css]
[revo-swift.com/public/hm/assets/js/custom.js]
[revo-swift.com/public/hm/assets/vendors/images/icon/bx_loader.gif]
[revo-swift.com/public/hm/assets/vendors/img/bx-slider/controls.png]
[revo-swift.com/public/hm/assets/vendors/bxslider/jquery.bxslider.css]
[revo-swift.com/public/hm/assets/vendors/fontawesome/webfonts/fa-brands-400.eot]
[revo-swift.com/public/hm/assets/vendors/fontawesome/webfonts/fa-brands-400-1.eot]
[revo-swift.com/public/hm/assets/vendors/fontawesome/webfonts/fa-brands-400.woff2]
[revo-swift.com/public/hm/assets/vendors/fontawesome/webfonts/fa-brands-400.woff]
[revo-swift.com/public/hm/assets/vendors/fontawesome/webfonts/fa-brands-400.ttf]
[revo-swift.com/public/hm/assets/vendors/fontawesome/webfonts/fa-brands-400.svg]
[revo-swift.com/public/hm/assets/vendors/fontawesome/webfonts/fa-regular-400.eot]
[revo-swift.com/public/hm/assets/vendors/fontawesome/webfonts/fa-regular-400-1.eot]
[revo-swift.com/public/hm/assets/vendors/fontawesome/webfonts/fa-regular-400.woff2]
[revo-swift.com/public/hm/assets/vendors/fontawesome/webfonts/fa-regular-400.woff]
[revo-swift.com/public/hm/assets/vendors/fontawesome/webfonts/fa-regular-400.ttf]
[revo-swift.com/public/hm/assets/vendors/fontawesome/webfonts/fa-regular-400.svg]
[revo-swift.com/public/hm/assets/vendors/fontawesome/webfonts/fa-solid-900.eot]
[revo-swift.com/public/hm/assets/vendors/fontawesome/webfonts/fa-solid-900.woff2]
[revo-swift.com/public/hm/assets/vendors/fontawesome/webfonts/fa-solid-900-1.eot]
[revo-swift.com/public/hm/assets/vendors/fontawesome/webfonts/fa-solid-900.woff]
[revo-swift.com/public/hm/assets/vendors/fontawesome/webfonts/fa-solid-900.ttf]
[revo-swift.com/public/hm/assets/vendors/fontawesome/css/all.min.css]
[revo-swift.com/public/hm/assets/vendors/jquery-magnific-popup/jquery.magnific-popup.css]
[revo-swift.com/public/hm/assets/vendors/jquery-ui/images/ui-bg_highlight-soft_75_cccccc_1x100.png]
[revo-swift.com/public/hm/assets/vendors/fontawesome/webfonts/fa-solid-900.svg]
[revo-swift.com/public/hm/assets/vendors/jquery-ui/images/ui-bg_glass_75_e6e6e6_1x400.png]
[revo-swift.com/public/hm/assets/vendors/jquery-ui/images/ui-bg_glass_75_dadada_1x400.png]
[revo-swift.com/public/hm/assets/vendors/jquery-ui/images/ui-bg_glass_65_ffffff_1x400.png]
[revo-swift.com/public/hm/assets/vendors/jquery-ui/images/ui-bg_glass_55_fbf9ee_1x400.png]
[revo-swift.com/public/hm/assets/vendors/jquery-ui/images/ui-bg_glass_95_fef1ec_1x400.png]
[revo-swift.com/public/hm/assets/vendors/jquery-ui/images/ui-icons_222222_256x240.png]
[revo-swift.com/public/hm/assets/vendors/jquery-ui/images/ui-icons_888888_256x240.png]
[revo-swift.com/public/hm/assets/vendors/jquery-ui/images/ui-icons_454545_256x240.png]
[revo-swift.com/public/hm/assets/vendors/jquery-ui/images/ui-icons_2e83ff_256x240.png]
[revo-swift.com/public/hm/assets/vendors/jquery-ui/images/ui-icons_cd0a0a_256x240.png]
[revo-swift.com/public/hm/assets/vendors/jquery-ui/jquery-ui.css]
[revo-swift.com/public/hm/assets/vendors/nice-select/nice-select.css]
[revo-swift.com/public/hm/assets/vendors/odometer/odometer.min.css]
[revo-swift.com/public/hm/assets/vendors/owl-carousel/owl.video.play.png]
[revo-swift.com/public/hm/assets/vendors/owl-carousel/owl.carousel.min.css]
[revo-swift.com/public/hm/assets/vendors/owl-carousel/owl.theme.default.min.css]
[revo-swift.com/public/hm/assets/vendors/swiper/swiper.min.css]
[revo-swift.com/public/hm/assets/vendors/vegas/overlays/02.png]
[revo-swift.com/public/hm/assets/vendors/vegas/vegas.min.css]
[revo-swift.com/public/hm/assets/vendors/thm-icons/fonts/icomoon.eot]
[revo-swift.com/public/hm/assets/vendors/thm-icons/fonts/icomoon.ttf]
[revo-swift.com/public/hm/assets/vendors/thm-icons/fonts/icomoon.woff]
[revo-swift.com/public/hm/assets/vendors/thm-icons/style.css]
[revo-swift.com/public/hm/assets/vendors/thm-icons/fonts/icomoon.svg]
[revo-swift.com/public/hm/assets/vendors/language-switcher/gb.png]
[revo-swift.com/public/hm/assets/vendors/language-switcher/fr.png]
[revo-swift.com/public/hm/assets/vendors/language-switcher/de.png]
[revo-swift.com/public/hm/assets/vendors/language-switcher/it.png]
[revo-swift.com/public/hm/assets/vendors/language-switcher/es.png]
[revo-swift.com/public/hm/assets/vendors/language-switcher/polyglot-language-switcher.css]
[revo-swift.com/public/hm/assets/vendors/fancybox/fancybox.min.css]
[revo-swift.com/public/hm/assets/vendors/aos/aos.css]
[revo-swift.com/public/hm/assets/vendors/jarallax/jarallax.css]
[revo-swift.com/public/hm/assets/vendors/slick/slick.css]
[revo-swift.com/public/hm/assets/css/module-css/01-header-section.css]
[revo-swift.com/public/hm/assets/css/module-css/02-banner-section.css]
[revo-swift.com/public/hm/assets/css/module-css/03-about-section.css]
[revo-swift.com/public/hm/assets/css/module-css/04-fact-counter-section.css]
[revo-swift.com/public/hm/assets/css/module-css/05-testimonial-section.css]
[revo-swift.com/public/hm/assets/css/module-css/06-partner-section.css]
[revo-swift.com/public/hm/assets/css/module-css/07-footer-section.css]
[revo-swift.com/public/hm/assets/css/module-css/08-blog-section.css]
[revo-swift.com/public/hm/assets/css/module-css/09-breadcrumb-section.css]
[revo-swift.com/public/hm/assets/css/module-css/10-contact.css]
[revo-swift.com/public/hm/assets/images/icon/cross-out.png]
[revo-swift.com/public/hm/assets/css/style.css]
[revo-swift.com/public/hm/assets/css/responsive.css]
[revo-swift.com/public/hm/assets/images/breadcrumb/breadcrumb-1.jpg]
[revo-swift.com/public/hm/assets/images/icon/contact-info-icon-1.png]
[revo-swift.com/public/hm/assets/images/resources/contact-info-1.jpg]
[revo-swift.com/public/hm/assets/images/icon/contact-info-icon-2.png]
[revo-swift.com/public/hm/assets/images/resources/contact-info-2.jpg]
[revo-swift.com/public/hm/assets/images/icon/contact-info-icon-3.png]
[revo-swift.com/public/hm/assets/images/resources/contact-info-3.jpg]
[revo-swift.com/public/hm/assets/images/resources/main-contact-form-img-1.jpg]
[revo-swift.com/public/hm/assets/images/resources/contact-info-style3-1.jpg]
[revo-swift.com/contact.html]
[revo-swift.com/public/hm/assets/images/shapes/features-style4-shape1.png]
[revo-swift.com/public/hm/assets/images/shapes/features-style4-shape2.png]
[revo-swift.com/public/hm/assets/images/resources/features-4-1.jpg]
[revo-swift.com/assets/images/shapes/fact-counter-style1-shape-left.jpg]
[revo-swift.com/assets/images/shapes/fact-counter-style1-shape-right.jpg]
[revo-swift.com/public/hm/assets/images/shapes/features-style6-shape-1.png]
[revo-swift.com/public/hm/assets/images/shapes/features-style6-shape-2.png]
[revo-swift.com/public/hm/assets/images/resources/card-1.png]
[revo-swift.com/public/hm/assets/images/resources/card-2.png]
[revo-swift.com/about.html]
[revo-swift.com/assets/images/blog/blog-details-img-1-1.jpg]
[revo-swift.com/public/hm/up/sav.jpg]
[revo-swift.com/public/hm/up/sav1.jpg]
[revo-swift.com/public/hm/up/sav2.jpg]
[revo-swift.com/business-savings-account.html]
[revo-swift.com/public/hm/up/uc.jpg]
[revo-swift.com/public/hm/up/uc1.jpg]
[revo-swift.com/public/hm/up/uc2.jpg]
[revo-swift.com/ultimate-checking.html]
[revo-swift.com/public/hm/up/hsa.jpg]
[revo-swift.com/public/hm/up/hsa1.jpg]
[revo-swift.com/public/hm/up/hsa2.jpg]
[revo-swift.com/health-savings-account.html]
[revo-swift.com/public/hm/up/rt.jpg]
[revo-swift.com/public/hm/up/rt1.jpg]
[revo-swift.com/public/hm/up/rt2.jpg]
[revo-swift.com/retirement-account.html]
[revo-swift.com/overdraft-protection.html]
[revo-swift.com/public/hm/up/ess.jpg]
[revo-swift.com/public/hm/up/ess1.jpg]
[revo-swift.com/public/hm/up/ess2.jpg]
[revo-swift.com/business-essential-checking.html]
[revo-swift.com/public/hm/up/lo.jpg]
[revo-swift.com/public/hm/up/lo1.jpg]
[revo-swift.com/public/hm/up/lo2.jpg]
[revo-swift.com/student-loan.html]
[revo-swift.com/public/hm/up/loan.jpg]
[revo-swift.com/public/hm/up/loan1.jpg]
[revo-swift.com/public/hm/up/loan2.jpg]
[revo-swift.com/business-loan.html]
[revo-swift.com/public/hm/up/rs.jpg]
[revo-swift.com/public/hm/up/rs1.jpg]
[revo-swift.com/public/hm/up/rs2.jpg]
[revo-swift.com/real-estate-loan.html]
[revo-swift.com/public/hm/up/pi.jpg]
[revo-swift.com/public/hm/up/pi1.jpg]
[revo-swift.com/public/hm/up/pi2.jpg]
[revo-swift.com/property-investment-loan.html]
[revo-swift.com/public/hm/up/agric.jpg]
[revo-swift.com/public/hm/up/agric1.jpg]
[revo-swift.com/public/hm/up/agric2.jpg]
[revo-swift.com/agricultural-loan.html]
[revo-swift.com/public/hm/assets/images/favicons/apple-touch-icon.png]
[revo-swift.com/public/hm/assets/images/favicons/favicon-32x32.png]
[revo-swift.com/public/hm/assets/images/favicons/favicon-16x16.png]
[revo-swift.com/public/bb/assets/css/style.css]
[revo-swift.com/auth/__manifest.json]
[cdn.datatables.net/scroller/2.2.0/css/scroller.bootstrap.min.css]
[kit.fontawesome.com/c4384c709f.js]
[code.jquery.com/jquery-3.7.1.js]
[cdnjs.cloudflare.com/ajax/libs/toastr.js/latest/toastr.min.css]
[cdnjs.cloudflare.com/ajax/libs/toastr.js/latest/js/toastr.min.js]
[revo-swift.com/reset-link.html]
[revo-swift.com/public/bb/assets/js/lib/bootstrap.bundle.min.js]
[unpkg.com/ionicons@5.5.2/dist/ionicons/ionicons.js]
[revo-swift.com/public/bb/assets/js/plugins/splide/splide.min.js]
[revo-swift.com/auth/login.html]
[revo-swift.com/public/bb/assets/js/base.js]
[revo-swift.com/auth/register.html]
[revo-swift.com/public/hm/assets/images/backgrounds/slogan-style1-bg.html]
[revo-swift.com/about-2.html]
[revo-swift.com/cdn-cgi/l/email-protection.html]
[revo-swift.com/public/countries.js]
[revo-swift.com/public/hm/up/ol.jpg]
[revo-swift.com/public/hm/up/ol1.jpg]
[revo-swift.com/public/hm/up/ol2.jpg]
[revo-swift.com/online-banking.html]
[revo-swift.com/public/hm/up/lc.jpg]
[revo-swift.com/public/hm/up/lc1.jpg]
[revo-swift.com/public/hm/up/lc2.jpg]
[revo-swift.com/lost-card.html]
[revo-swift.com/public/hm/up/wt.jpg]
[revo-swift.com/public/hm/up/wt1.jpg]
[revo-swift.com/public/hm/up/wt2.jpg]
[revo-swift.com/wire-transfer.html]
[revo-swift.com/public/hm/assets/vendors/jquery/jquery-3.6.0.min.js]
[revo-swift.com/public/hm/assets/vendors/bootstrap/js/bootstrap.bundle.min.js]
[revo-swift.com/public/hm/assets/vendors/bxslider/jquery.bxslider.min.js]
[revo-swift.com/public/hm/assets/vendors/circleType/jquery.circleType.js]
[revo-swift.com/public/hm/assets/vendors/circleType/jquery.lettering.min.js]
[revo-swift.com/public/hm/assets/vendors/isotope/isotope.js]
[revo-swift.com/public/hm/assets/vendors/jquery-ajaxchimp/jquery.ajaxchimp.min.js]
[revo-swift.com/public/hm/assets/vendors/jquery-appear/jquery.appear.min.js]
[revo-swift.com/public/hm/assets/vendors/jquery-magnific-popup/jquery.magnific-popup.min.js]
[revo-swift.com/public/hm/assets/vendors/jquery-migrate/jquery-migrate.min.js]
[revo-swift.com/public/hm/assets/vendors/jquery-ui/jquery-ui.js]
[revo-swift.com/public/hm/assets/vendors/jquery-validate/jquery.validate.min.js]
[revo-swift.com/public/hm/assets/vendors/nice-select/jquery.nice-select.min.js]
[revo-swift.com/public/hm/assets/vendors/odometer/odometer.min.js]
[revo-swift.com/public/hm/assets/vendors/owl-carousel/owl.carousel.min.js]
[revo-swift.com/public/hm/assets/vendors/swiper/swiper.min.js]
[revo-swift.com/public/hm/assets/vendors/vegas/vegas.min.js]
[revo-swift.com/public/hm/assets/vendors/wnumb/wNumb.min.js]
[revo-swift.com/public/hm/assets/vendors/wow/wow.js]
[revo-swift.com/public/hm/assets/vendors/extra-scripts/jquery.paroller.min.js]
[revo-swift.com/public/hm/assets/vendors/language-switcher/jquery.polyglot.language.switcher.js]
[revo-swift.com/public/hm/assets/vendors/extra-scripts/jquery-sidebar-content.js]
[revo-swift.com/public/hm/assets/vendors/fancybox/jquery.fancybox.js]
[revo-swift.com/public/hm/assets/vendors/aos/aos.js]
[revo-swift.com/public/hm/assets/vendors/extra-scripts/TweenMax.min.js]
[revo-swift.com/public/hm/assets/vendors/jarallax/jarallax.min.js]
[revo-swift.com/public/hm/assets/vendors/extra-scripts/tilt.jquery.js]
[revo-swift.com/public/hm/assets/vendors/slick/slick.js]
[revo-swift.com/public/hm/assets/js/custom.js]
[revo-swift.com/public/hm/assets/vendors/images/icon/bx_loader.html]
[revo-swift.com/public/hm/assets/vendors/img/bx-slider/controls.html]
[revo-swift.com/public/hm/assets/vendors/fontawesome/webfonts/fa-brands-400.svg]
[revo-swift.com/public/hm/assets/vendors/fontawesome/webfonts/fa-regular-400.svg]
[revo-swift.com/public/hm/assets/vendors/fontawesome/webfonts/fa-solid-900.svg]
[revo-swift.com/public/hm/assets/vendors/owl-carousel/owl.video.play.html]
[revo-swift.com/public/hm/assets/vendors/vegas/overlays/02.html]
[revo-swift.com/public/hm/assets/vendors/thm-icons/fonts/icomoon.svg]
[revo-swift.com/assets/images/shapes/fact-counter-style1-shape-left.html]
[revo-swift.com/assets/images/shapes/fact-counter-style1-shape-right.html]
[revo-swift.com/assets/images/blog/blog-details-img-1-1.html]
[revo-swift.com/public/bb/assets/css/src/bootstrap/bootstrap.min.css]
[revo-swift.com/public/bb/assets/css/src/splide/splide.min.css]
[unpkg.com/ionicons@4.5.10-0/dist/css/ionicons.min.css]
[revo-swift.com/public/bb/assets/img/loading-icon.png]
[revo-swift.com/public/bb/assets/css/style.css]
[revo-swift.com/auth/__manifest.html]
[cdn.datatables.net/scroller/2.2.0/css/scroller.bootstrap.min.css]
[cdnjs.cloudflare.com/ajax/libs/toastr.js/latest/toastr.min.css]
[revo-swift.com/__manifest.json]
[revo-swift.com/reset-link.html]
[revo-swift.com/public/bb/assets/js/lib/bootstrap.bundle.min.js]
[revo-swift.com/public/bb/assets/js/plugins/splide/splide.min.js]
[revo-swift.com/auth/__service-worker.js]
[revo-swift.com/public/bb/assets/js/base.js]
[revo-swift.com/public/countries.js]
[revo-swift.com/Trident]
[revo-swift.com/Trident/index.html]
[revo-swift.com/Edge]
[revo-swift.com/Edge/index.html]
[revo-swift.com/Gecko]
[revo-swift.com/Gecko/index.html]
[revo-swift.com/Firefox]
[revo-swift.com/Firefox/index.html]
[revo-swift.com/Version.f1.delayed]
[revo-swift.com/Version/index.html]
[revo-swift.com/version]
[revo-swift.com/version/index-2.html]
[revo-swift.com/dist.f3.delayed]
[revo-swift.com/dist/index.html]
[revo-swift.com/public/bb/assets/css/src/bootstrap/bootstrap.min.css]
[revo-swift.com/public/bb/assets/css/src/splide/splide.min.css]
[unpkg.com/ionicons@4.5.10-0/dist/css/ionicons.min.css]
[revo-swift.com/__manifest.html]
[revo-swift.com/auth/__service-worker.html]
[revo-swift.com/Trident.html]
[revo-swift.com/Edge.html]
[revo-swift.com/Gecko.html]
[revo-swift.com/Firefox.html]
[revo-swift.com/Version.html]
[revo-swift.com/version-2.html]
[revo-swift.com/dist.html]
